C:\Users\nxf75461\Documents\MCUXpressoIDE_11.5.0_7232\workspace\MIMXRT1062_MQS_TEST\drivers/fsl_clock.h:1408:20:CLOCK_SetMux	24	static
C:\Users\nxf75461\Documents\MCUXpressoIDE_11.5.0_7232\workspace\MIMXRT1062_MQS_TEST\drivers/fsl_clock.h:1460:20:CLOCK_SetDiv	24	static
C:\Users\nxf75461\Documents\MCUXpressoIDE_11.5.0_7232\workspace\MIMXRT1062_MQS_TEST\drivers/fsl_dmamux.h:75:20:DMAMUX_EnableChannel	16	static
C:\Users\nxf75461\Documents\MCUXpressoIDE_11.5.0_7232\workspace\MIMXRT1062_MQS_TEST\drivers/fsl_dmamux.h:109:20:DMAMUX_SetSource	24	static
C:\Users\nxf75461\Documents\MCUXpressoIDE_11.5.0_7232\workspace\MIMXRT1062_MQS_TEST\drivers/fsl_iomuxc.h:1322:20:IOMUXC_MQSEnterSoftwareReset	16	static
C:\Users\nxf75461\Documents\MCUXpressoIDE_11.5.0_7232\workspace\MIMXRT1062_MQS_TEST\drivers/fsl_iomuxc.h:1340:20:IOMUXC_MQSEnable	16	static
C:\Users\nxf75461\Documents\MCUXpressoIDE_11.5.0_7232\workspace\MIMXRT1062_MQS_TEST\drivers/fsl_iomuxc.h:1360:20:IOMUXC_MQSConfig	24	static
../source/MIMXRT1062_MQS_TEST.c:65:13:callback	24	static
../source/MIMXRT1062_MQS_TEST.c:70:6:configMQS	8	static
../source/MIMXRT1062_MQS_TEST.c:84:5:main	64	static
