../drivers/fsl_common_arm.h:210:20:_SDK_AtomicLocalClearAndSet4Byte	48	static
../drivers/fsl_clock.h:1496:20:CLOCK_ControlGate	32	static
../drivers/fsl_clock.h:1513:20:CLOCK_EnableClock	16	static
../drivers/fsl_clock.h:1523:20:CLOCK_DisableClock	16	static
../drivers/fsl_enc.c:51:17:ENC_GetInstance	24	static
../drivers/fsl_enc.c:80:6:ENC_Init	24	static
../drivers/fsl_enc.c:190:6:ENC_Deinit	16	static
../drivers/fsl_enc.c:224:6:ENC_GetDefaultConfig	16	static
../drivers/fsl_enc.c:261:6:ENC_DoSoftwareLoadInitialPositionValue	24	static
../drivers/fsl_enc.c:279:6:ENC_SetSelfTestConfig	24	static
../drivers/fsl_enc.c:306:6:ENC_EnableWatchdog	24	static
../drivers/fsl_enc.c:324:10:ENC_GetStatusFlags	24	static
../drivers/fsl_enc.c:375:6:ENC_ClearStatusFlags	24	static
../drivers/fsl_enc.c:429:6:ENC_EnableInterrupts	24	static
../drivers/fsl_enc.c:482:6:ENC_DisableInterrupts	24	static
../drivers/fsl_enc.c:536:10:ENC_GetEnabledInterrupts	24	static
../drivers/fsl_enc.c:581:6:ENC_SetInitialPositionValue	16	static
../drivers/fsl_enc.c:594:10:ENC_GetPositionValue	24	static
../drivers/fsl_enc.c:616:10:ENC_GetHoldPositionValue	24	static
