C:\Users\nxf75461\Documents\MCUXpressoIDE_11.5.0_7232\workspace\MIMXRT1062_MQS_TEST\CMSIS/core_cm7.h:1902:22:__NVIC_EnableIRQ	16	static
../drivers/fsl_common_arm.h:210:20:_SDK_AtomicLocalClearAndSet4Byte	48	static
../drivers/fsl_clock.h:1496:20:CLOCK_ControlGate	32	static
../drivers/fsl_clock.h:1513:20:CLOCK_EnableClock	16	static
../drivers/fsl_clock.h:1523:20:CLOCK_DisableClock	16	static
../drivers/fsl_common_arm.h:499:24:EnableIRQ	24	static
../drivers/fsl_spdif.h:284:20:SPDIF_RxEnable	16	static
../drivers/fsl_spdif.h:310:24:SPDIF_GetStatusFlag	16	static
../drivers/fsl_spdif.h:326:20:SPDIF_ClearStatusFlags	16	static
../drivers/fsl_spdif.h:350:20:SPDIF_EnableInterrupts	16	static
../drivers/fsl_spdif.h:367:20:SPDIF_DisableInterrupts	16	static
../drivers/fsl_spdif.h:497:20:SPDIF_WriteLeftData	16	static
../drivers/fsl_spdif.h:508:20:SPDIF_WriteRightData	16	static
../drivers/fsl_spdif.h:552:24:SPDIF_ReadLeftData	16	static
../drivers/fsl_spdif.h:563:24:SPDIF_ReadRightData	16	static
../drivers/fsl_spdif.h:596:24:SPDIF_ReadQChannel	16	static
../drivers/fsl_spdif.h:607:24:SPDIF_ReadUChannel	16	static
../drivers/fsl_spdif.c:58:10:SPDIF_GetInstance	24	static
../drivers/fsl_spdif.c:90:6:SPDIF_Init	24	static
../drivers/fsl_spdif.c:133:6:SPDIF_Deinit	16	static
../drivers/fsl_spdif.c:156:6:SPDIF_GetDefaultConfig	16	static
../drivers/fsl_spdif.c:179:6:SPDIF_TxEnable	24	static
../drivers/fsl_spdif.c:209:6:SPDIF_TxSetSampleRate	40	static
../drivers/fsl_spdif.c:256:10:SPDIF_GetRxSampleRate	64	static
../drivers/fsl_spdif.c:286:6:SPDIF_WriteBlocking	40	static
../drivers/fsl_spdif.c:330:6:SPDIF_ReadBlocking	40	static
../drivers/fsl_spdif.c:375:6:SPDIF_TransferTxCreateHandle	24	static
../drivers/fsl_spdif.c:410:6:SPDIF_TransferRxCreateHandle	24	static
../drivers/fsl_spdif.c:449:10:SPDIF_TransferSendNonBlocking	24	static
../drivers/fsl_spdif.c:492:10:SPDIF_TransferReceiveNonBlocking	32	static
../drivers/fsl_spdif.c:543:10:SPDIF_TransferGetSendCount	32	static
../drivers/fsl_spdif.c:571:10:SPDIF_TransferGetReceiveCount	32	static
../drivers/fsl_spdif.c:599:6:SPDIF_TransferAbortSend	16	static
../drivers/fsl_spdif.c:623:6:SPDIF_TransferAbortReceive	16	static
../drivers/fsl_spdif.c:646:6:SPDIF_TransferTxHandleIRQ	48	static
../drivers/fsl_spdif.c:709:6:SPDIF_TransferRxHandleIRQ	48	static
../drivers/fsl_spdif.c:836:6:SPDIF_DriverIRQHandler	8	static
