../drivers/fsl_snvs_lp.h:375:20:SNVS_LP_SRTC_StartTimer	16	static
../drivers/fsl_snvs_lp.h:388:20:SNVS_LP_SRTC_StopTimer	16	static
../drivers/fsl_snvs_lp.c:93:13:SNVS_LP_CheckDatetimeFormat	40	static
../drivers/fsl_snvs_lp.c:125:17:SNVS_LP_ConvertDatetimeToSeconds	56	static
../drivers/fsl_snvs_lp.c:155:13:SNVS_LP_ConvertSecondsToDatetime	56	static
../drivers/fsl_snvs_lp.c:242:6:SNVS_LP_Init	16	static
../drivers/fsl_snvs_lp.c:267:6:SNVS_LP_Deinit	16	static
../drivers/fsl_snvs_lp.c:284:6:SNVS_LP_SRTC_Init	16	static
../drivers/fsl_snvs_lp.c:317:6:SNVS_LP_SRTC_Deinit	16	static
../drivers/fsl_snvs_lp.c:338:6:SNVS_LP_SRTC_GetDefaultConfig	16	static
../drivers/fsl_snvs_lp.c:349:17:SNVS_LP_SRTC_GetSeconds	24	static
../drivers/fsl_snvs_lp.c:374:10:SNVS_LP_SRTC_SetDatetime	24	static
../drivers/fsl_snvs_lp.c:411:6:SNVS_LP_SRTC_GetDatetime	16	static
../drivers/fsl_snvs_lp.c:436:10:SNVS_LP_SRTC_SetAlarm	32	static
../drivers/fsl_snvs_lp.c:480:6:SNVS_LP_SRTC_GetAlarm	24	static
../drivers/fsl_snvs_lp.c:500:10:SNVS_LP_SRTC_GetStatusFlags	24	static
../drivers/fsl_snvs_lp.c:520:10:SNVS_LP_SRTC_GetEnabledInterrupts	24	static
../drivers/fsl_snvs_lp.c:543:6:SNVS_LP_PassiveTamperPin_GetDefaultConfig	16	static
../drivers/fsl_snvs_lp.c:1299:10:SNVS_LP_GetMonotonicCounter	48	static
../drivers/fsl_snvs_lp.c:1315:6:SNVS_LP_WriteZeroizableMasterKey	24	static
