C:\Users\nxf75461\Documents\MCUXpressoIDE_11.5.0_7232\workspace\MIMXRT1062_MQS_TEST\CMSIS/core_cm7.h:1902:22:__NVIC_EnableIRQ	16	static
../drivers/fsl_common_arm.h:210:20:_SDK_AtomicLocalClearAndSet4Byte	48	static
../drivers/fsl_clock.h:1496:20:CLOCK_ControlGate	32	static
../drivers/fsl_clock.h:1513:20:CLOCK_EnableClock	16	static
../drivers/fsl_common_arm.h:499:24:EnableIRQ	24	static
../drivers/fsl_flexspi.h:415:20:FLEXSPI_SoftwareReset	16	static
../drivers/fsl_flexspi.h:453:20:FLEXSPI_EnableInterrupts	16	static
../drivers/fsl_flexspi.h:464:20:FLEXSPI_DisableInterrupts	16	static
../drivers/fsl_flexspi.h:599:20:FLEXSPI_ClearInterruptStatusFlags	16	static
../drivers/fsl_flexspi.h:668:20:FLEXSPI_GetBusIdleStatus	16	static
../drivers/fsl_flexspi.c:114:13:FLEXSPI_Memset	32	static
../drivers/fsl_flexspi.c:126:10:FLEXSPI_GetInstance	24	static
../drivers/fsl_flexspi.c:144:17:FLEXSPI_CalculateDll	40	static
../drivers/fsl_flexspi.c:206:10:FLEXSPI_CheckAndClearError	24	static
../drivers/fsl_flexspi.c:252:6:FLEXSPI_Init	24	static
../drivers/fsl_flexspi.c:347:6:FLEXSPI_GetDefaultConfig	24	static
../drivers/fsl_flexspi.c:403:6:FLEXSPI_Deinit	16	static
../drivers/fsl_flexspi.c:416:6:FLEXSPI_UpdateDllValue	40	static
../drivers/fsl_flexspi.c:467:6:FLEXSPI_SetFlashConfig	32	static
../drivers/fsl_flexspi.c:554:6:FLEXSPI_UpdateLUT	32	static
../drivers/fsl_flexspi.c:586:6:FLEXSPI_UpdateRxSampleClock	24	static
../drivers/fsl_flexspi.c:615:10:FLEXSPI_WriteBlocking	40	static
../drivers/fsl_flexspi.c:674:10:FLEXSPI_ReadBlocking	48	static
../drivers/fsl_flexspi.c:761:10:FLEXSPI_TransferBlocking	24	static
../drivers/fsl_flexspi.c:828:6:FLEXSPI_TransferCreateHandle	32	static
../drivers/fsl_flexspi.c:869:10:FLEXSPI_TransferNonBlocking	32	static
../drivers/fsl_flexspi.c:946:10:FLEXSPI_TransferGetCount	32	static
../drivers/fsl_flexspi.c:973:6:FLEXSPI_TransferAbort	16	static
../drivers/fsl_flexspi.c:987:6:FLEXSPI_TransferHandleIRQ	48	static
../drivers/fsl_flexspi.c:1099:6:FLEXSPI_DriverIRQHandler	8	static
