../drivers/fsl_common_arm.h:579:24:DisableGlobalIRQ	16	static
../drivers/fsl_common_arm.h:606:20:EnableGlobalIRQ	24	static
../drivers/fsl_spdif.h:284:20:SPDIF_RxEnable	16	static
../drivers/fsl_spdif.h:387:20:SPDIF_EnableDMA	24	static
../drivers/fsl_spdif.h:407:24:SPDIF_TxGetLeftDataRegisterAddress	16	static
../drivers/fsl_spdif.h:420:24:SPDIF_TxGetRightDataRegisterAddress	16	static
../drivers/fsl_spdif.h:433:24:SPDIF_RxGetLeftDataRegisterAddress	16	static
../drivers/fsl_spdif.h:446:24:SPDIF_RxGetRightDataRegisterAddress	16	static
../drivers/fsl_spdif_edma.c:86:13:SPDIF_TxEDMACallback	40	static
../drivers/fsl_spdif_edma.c:106:13:SPDIF_RxEDMACallback	40	static
../drivers/fsl_spdif_edma.c:126:17:SPDIF_SubmitTransfer	48	static
../drivers/fsl_spdif_edma.c:256:6:SPDIF_TransferTxCreateHandleEDMA	32	static
../drivers/fsl_spdif_edma.c:308:6:SPDIF_TransferRxCreateHandleEDMA	32	static
../drivers/fsl_spdif_edma.c:358:10:SPDIF_TransferSendEDMA	80	static
../drivers/fsl_spdif_edma.c:429:10:SPDIF_TransferReceiveEDMA	80	static
../drivers/fsl_spdif_edma.c:494:6:SPDIF_TransferAbortSendEDMA	16	static
../drivers/fsl_spdif_edma.c:521:6:SPDIF_TransferAbortReceiveEDMA	16	static
../drivers/fsl_spdif_edma.c:551:10:SPDIF_TransferGetSendCountEDMA	40	static
../drivers/fsl_spdif_edma.c:580:10:SPDIF_TransferGetReceiveCountEDMA	40	static
